
> ranking-app@0.0.0 build
> tsc -b && vite build

[36mvite v7.3.1 [32mbuilding client environment for production...[36m[39m
transforming...
[32mΓ£ô[39m 917 modules transformed.
rendering chunks...
computing gzip size...
[2mdist/[22m[32mindex.html                 [39m[1m[2m  0.47 kB[22m[1m[22m[2m Γöé gzip:   0.30 kB[22m
[2mdist/[22m[35massets/index-CsR_nKTX.css  [39m[1m[2m  4.43 kB[22m[1m[22m[2m Γöé gzip:   1.22 kB[22m
[2mdist/[22m[36massets/index-CLMC6JfK.js   [39m[1m[2m379.59 kB[22m[1m[22m[2m Γöé gzip: 120.50 kB[22m
[32mΓ£ô built in 2.29s[39m
